mode: set
github.com/rjs/go-hedgehog/gen.go:15.61,17.2 1 1
github.com/rjs/go-hedgehog/gen.go:20.47,22.2 1 1
github.com/rjs/go-hedgehog/gen.go:25.43,26.41 1 1
github.com/rjs/go-hedgehog/gen.go:26.41,29.3 2 1
github.com/rjs/go-hedgehog/gen.go:33.39,34.41 1 1
github.com/rjs/go-hedgehog/gen.go:34.41,35.43 1 1
github.com/rjs/go-hedgehog/gen.go:35.43,37.4 1 1
github.com/rjs/go-hedgehog/gen.go:42.39,43.15 1 1
github.com/rjs/go-hedgehog/gen.go:43.15,44.64 1 0
github.com/rjs/go-hedgehog/gen.go:47.2,47.43 1 1
github.com/rjs/go-hedgehog/gen.go:47.43,49.45 2 1
github.com/rjs/go-hedgehog/gen.go:49.45,51.4 1 1
github.com/rjs/go-hedgehog/gen.go:56.50,57.18 1 1
github.com/rjs/go-hedgehog/gen.go:57.18,59.3 1 0
github.com/rjs/go-hedgehog/gen.go:61.2,64.40 2 1
github.com/rjs/go-hedgehog/gen.go:64.40,65.60 1 0
github.com/rjs/go-hedgehog/gen.go:65.60,67.4 1 0
github.com/rjs/go-hedgehog/gen.go:71.2,71.17 1 1
github.com/rjs/go-hedgehog/gen.go:71.17,73.25 2 1
github.com/rjs/go-hedgehog/gen.go:73.25,74.69 1 1
github.com/rjs/go-hedgehog/gen.go:74.69,76.5 1 0
github.com/rjs/go-hedgehog/gen.go:80.2,80.16 1 1
github.com/rjs/go-hedgehog/gen.go:84.51,85.15 1 0
github.com/rjs/go-hedgehog/gen.go:85.15,86.68 1 0
github.com/rjs/go-hedgehog/gen.go:89.2,89.47 1 0
github.com/rjs/go-hedgehog/gen.go:89.47,91.49 2 0
github.com/rjs/go-hedgehog/gen.go:91.49,93.4 1 0
github.com/rjs/go-hedgehog/gen.go:98.62,99.33 1 0
github.com/rjs/go-hedgehog/gen.go:99.33,101.3 1 0
github.com/rjs/go-hedgehog/gen.go:103.2,106.53 2 0
github.com/rjs/go-hedgehog/gen.go:106.53,107.66 1 0
github.com/rjs/go-hedgehog/gen.go:107.66,109.4 1 0
github.com/rjs/go-hedgehog/gen.go:113.2,113.17 1 0
github.com/rjs/go-hedgehog/gen.go:113.17,115.40 2 0
github.com/rjs/go-hedgehog/gen.go:115.40,116.73 1 0
github.com/rjs/go-hedgehog/gen.go:116.73,118.5 1 0
github.com/rjs/go-hedgehog/gen.go:122.2,122.16 1 0
github.com/rjs/go-hedgehog/gen.go:126.24,127.44 1 1
github.com/rjs/go-hedgehog/gen.go:127.44,129.46 2 1
github.com/rjs/go-hedgehog/gen.go:129.46,130.13 1 1
github.com/rjs/go-hedgehog/gen.go:130.13,132.42 1 1
github.com/rjs/go-hedgehog/gen.go:132.42,132.56 1 0
github.com/rjs/go-hedgehog/gen.go:135.4,135.14 1 0
github.com/rjs/go-hedgehog/gen.go:141.28,143.2 1 1
github.com/rjs/go-hedgehog/gen.go:146.57,147.46 1 1
github.com/rjs/go-hedgehog/gen.go:147.46,151.18 3 1
github.com/rjs/go-hedgehog/gen.go:151.18,152.46 1 1
github.com/rjs/go-hedgehog/gen.go:152.46,154.5 1 0
github.com/rjs/go-hedgehog/gen.go:157.3,158.31 2 1
github.com/rjs/go-hedgehog/gen.go:158.31,162.4 2 1
github.com/rjs/go-hedgehog/gen.go:164.3,165.48 2 1
github.com/rjs/go-hedgehog/gen.go:165.48,167.4 1 1
github.com/rjs/go-hedgehog/gen.go:172.49,173.21 1 1
github.com/rjs/go-hedgehog/gen.go:173.21,175.3 1 0
github.com/rjs/go-hedgehog/gen.go:177.2,180.63 2 1
github.com/rjs/go-hedgehog/gen.go:180.63,182.3 1 0
github.com/rjs/go-hedgehog/gen.go:185.2,186.34 2 1
github.com/rjs/go-hedgehog/gen.go:186.34,188.25 2 1
github.com/rjs/go-hedgehog/gen.go:188.25,189.72 1 1
github.com/rjs/go-hedgehog/gen.go:189.72,191.5 1 0
github.com/rjs/go-hedgehog/gen.go:196.2,196.27 1 1
github.com/rjs/go-hedgehog/gen.go:196.27,198.23 2 1
github.com/rjs/go-hedgehog/gen.go:198.23,203.72 5 1
github.com/rjs/go-hedgehog/gen.go:203.72,205.5 1 0
github.com/rjs/go-hedgehog/gen.go:209.2,209.16 1 1
github.com/rjs/go-hedgehog/gen.go:213.33,214.9 1 1
github.com/rjs/go-hedgehog/gen.go:215.30,216.26 1 1
github.com/rjs/go-hedgehog/gen.go:217.30,218.13 1 1
github.com/rjs/go-hedgehog/gen.go:219.17,220.13 1 1
github.com/rjs/go-hedgehog/gen.go:221.30,222.13 1 1
github.com/rjs/go-hedgehog/gen.go:223.17,224.13 1 0
github.com/rjs/go-hedgehog/gen.go:225.10,226.13 1 1
github.com/rjs/go-hedgehog/gen.go:231.48,233.2 1 1
github.com/rjs/go-hedgehog/gen.go:236.79,237.43 1 1
github.com/rjs/go-hedgehog/gen.go:237.43,241.18 3 1
github.com/rjs/go-hedgehog/gen.go:241.18,242.46 1 1
github.com/rjs/go-hedgehog/gen.go:242.46,244.5 1 0
github.com/rjs/go-hedgehog/gen.go:247.3,248.31 2 1
github.com/rjs/go-hedgehog/gen.go:248.31,251.4 2 1
github.com/rjs/go-hedgehog/gen.go:253.3,253.48 1 1
github.com/rjs/go-hedgehog/gen.go:253.48,255.4 1 1
github.com/rjs/go-hedgehog/gen.go:260.77,261.21 1 1
github.com/rjs/go-hedgehog/gen.go:261.21,263.3 1 0
github.com/rjs/go-hedgehog/gen.go:265.2,268.63 2 1
github.com/rjs/go-hedgehog/gen.go:268.63,270.3 1 0
github.com/rjs/go-hedgehog/gen.go:273.2,273.34 1 1
github.com/rjs/go-hedgehog/gen.go:273.34,275.68 2 1
github.com/rjs/go-hedgehog/gen.go:275.68,277.4 1 1
github.com/rjs/go-hedgehog/gen.go:280.2,280.16 1 1
github.com/rjs/go-hedgehog/gen.go:284.50,285.26 1 1
github.com/rjs/go-hedgehog/gen.go:285.26,286.41 1 0
github.com/rjs/go-hedgehog/gen.go:289.2,289.41 1 1
github.com/rjs/go-hedgehog/gen.go:289.41,292.3 2 1
github.com/rjs/go-hedgehog/gen.go:296.61,297.23 1 1
github.com/rjs/go-hedgehog/gen.go:297.23,298.42 1 0
github.com/rjs/go-hedgehog/gen.go:301.2,302.33 2 1
github.com/rjs/go-hedgehog/gen.go:302.33,304.3 1 1
github.com/rjs/go-hedgehog/gen.go:306.2,306.41 1 1
github.com/rjs/go-hedgehog/gen.go:306.41,310.34 3 1
github.com/rjs/go-hedgehog/gen.go:310.34,312.22 2 1
github.com/rjs/go-hedgehog/gen.go:312.22,314.5 1 1
github.com/rjs/go-hedgehog/gen.go:318.3,318.42 1 0
github.com/rjs/go-hedgehog/gen.go:329.80,331.2 1 1
github.com/rjs/go-hedgehog/hedgehog.go:26.30,33.2 1 1
github.com/rjs/go-hedgehog/hedgehog.go:48.37,49.11 1 0
github.com/rjs/go-hedgehog/hedgehog.go:50.16,51.16 1 0
github.com/rjs/go-hedgehog/hedgehog.go:52.16,53.16 1 0
github.com/rjs/go-hedgehog/hedgehog.go:54.18,55.19 1 0
github.com/rjs/go-hedgehog/hedgehog.go:56.10,57.19 1 0
github.com/rjs/go-hedgehog/hedgehog.go:67.36,69.2 1 1
github.com/rjs/go-hedgehog/hedgehog.go:72.34,74.2 1 0
github.com/rjs/go-hedgehog/property.go:17.81,23.2 1 1
github.com/rjs/go-hedgehog/property.go:26.76,28.2 1 1
github.com/rjs/go-hedgehog/property.go:31.94,35.2 3 1
github.com/rjs/go-hedgehog/property.go:38.58,41.2 2 0
github.com/rjs/go-hedgehog/property.go:44.58,46.2 1 1
github.com/rjs/go-hedgehog/property.go:49.68,58.40 3 1
github.com/rjs/go-hedgehog/property.go:58.40,61.32 2 1
github.com/rjs/go-hedgehog/property.go:61.32,63.12 2 1
github.com/rjs/go-hedgehog/property.go:67.3,75.16 7 1
github.com/rjs/go-hedgehog/property.go:79.2,81.15 3 1
github.com/rjs/go-hedgehog/property.go:85.73,90.6 3 1
github.com/rjs/go-hedgehog/property.go:90.6,94.34 3 1
github.com/rjs/go-hedgehog/property.go:94.34,95.36 1 1
github.com/rjs/go-hedgehog/property.go:95.36,99.10 4 1
github.com/rjs/go-hedgehog/property.go:103.3,103.20 1 1
github.com/rjs/go-hedgehog/property.go:103.20,104.9 1 1
github.com/rjs/go-hedgehog/property.go:108.3,108.30 1 1
github.com/rjs/go-hedgehog/property.go:108.30,109.9 1 0
github.com/rjs/go-hedgehog/property.go:113.2,113.37 1 1
github.com/rjs/go-hedgehog/property.go:130.50,132.2 1 1
github.com/rjs/go-hedgehog/property.go:135.40,137.2 1 1
github.com/rjs/go-hedgehog/property.go:140.41,143.18 2 1
github.com/rjs/go-hedgehog/property.go:144.16,146.27 2 0
github.com/rjs/go-hedgehog/property.go:146.27,148.4 1 0
github.com/rjs/go-hedgehog/property.go:149.3,149.56 1 0
github.com/rjs/go-hedgehog/property.go:151.16,153.27 2 1
github.com/rjs/go-hedgehog/property.go:153.27,155.4 1 1
github.com/rjs/go-hedgehog/property.go:156.3,158.29 2 1
github.com/rjs/go-hedgehog/property.go:158.29,160.39 2 1
github.com/rjs/go-hedgehog/property.go:160.39,162.5 1 1
github.com/rjs/go-hedgehog/property.go:165.3,165.82 1 1
github.com/rjs/go-hedgehog/property.go:167.18,168.68 1 0
github.com/rjs/go-hedgehog/property.go:171.2,171.20 1 1
github.com/rjs/go-hedgehog/property.go:175.33,177.2 1 0
github.com/rjs/go-hedgehog/property.go:180.44,181.18 1 1
github.com/rjs/go-hedgehog/property.go:181.18,183.3 1 0
github.com/rjs/go-hedgehog/tree.go:15.66,20.2 1 1
github.com/rjs/go-hedgehog/tree.go:23.29,25.2 1 1
github.com/rjs/go-hedgehog/tree.go:28.40,29.22 1 1
github.com/rjs/go-hedgehog/tree.go:29.22,31.3 1 0
github.com/rjs/go-hedgehog/tree.go:32.2,32.20 1 1
github.com/rjs/go-hedgehog/tree.go:36.45,37.47 1 1
github.com/rjs/go-hedgehog/tree.go:37.47,39.24 2 1
github.com/rjs/go-hedgehog/tree.go:39.24,41.4 1 0
github.com/rjs/go-hedgehog/tree.go:43.3,44.34 2 1
github.com/rjs/go-hedgehog/tree.go:44.34,46.4 1 1
github.com/rjs/go-hedgehog/tree.go:47.3,47.23 1 1
github.com/rjs/go-hedgehog/tree.go:52.39,58.21 4 1
github.com/rjs/go-hedgehog/tree.go:58.21,66.3 5 1
github.com/rjs/go-hedgehog/tree.go:68.2,68.15 1 1
github.com/rjs/go-hedgehog/tree.go:72.35,74.2 1 0
github.com/rjs/go-hedgehog/tree.go:77.63,78.22 1 0
github.com/rjs/go-hedgehog/tree.go:78.22,80.3 1 0
github.com/rjs/go-hedgehog/tree.go:82.2,86.33 4 0
github.com/rjs/go-hedgehog/tree.go:86.33,88.3 1 0
github.com/rjs/go-hedgehog/tree.go:90.2,90.15 1 0
github.com/rjs/go-hedgehog/tree.go:94.42,98.29 3 1
github.com/rjs/go-hedgehog/tree.go:98.29,100.3 1 1
github.com/rjs/go-hedgehog/tree.go:102.2,102.37 1 1
github.com/rjs/go-hedgehog/tree.go:106.33,110.29 3 1
github.com/rjs/go-hedgehog/tree.go:110.29,112.3 1 1
github.com/rjs/go-hedgehog/tree.go:114.2,114.15 1 1
github.com/rjs/go-hedgehog/tree.go:118.54,119.44 1 1
github.com/rjs/go-hedgehog/tree.go:119.44,121.24 2 1
github.com/rjs/go-hedgehog/tree.go:121.24,123.4 1 0
github.com/rjs/go-hedgehog/tree.go:125.3,126.34 2 1
github.com/rjs/go-hedgehog/tree.go:126.34,127.28 1 1
github.com/rjs/go-hedgehog/tree.go:127.28,129.5 1 1
github.com/rjs/go-hedgehog/tree.go:131.3,131.25 1 1
github.com/rjs/go-hedgehog/tree.go:136.48,137.19 1 1
github.com/rjs/go-hedgehog/tree.go:137.19,138.45 1 1
github.com/rjs/go-hedgehog/tree.go:138.45,138.59 1 1
github.com/rjs/go-hedgehog/tree.go:141.2,141.44 1 1
github.com/rjs/go-hedgehog/tree.go:141.44,143.24 2 1
github.com/rjs/go-hedgehog/tree.go:143.24,145.4 1 0
github.com/rjs/go-hedgehog/tree.go:147.3,148.34 2 1
github.com/rjs/go-hedgehog/tree.go:148.34,150.4 1 1
github.com/rjs/go-hedgehog/tree.go:151.3,151.23 1 1
github.com/rjs/go-hedgehog/tree.go:156.61,157.20 1 1
github.com/rjs/go-hedgehog/tree.go:157.20,160.3 2 1
github.com/rjs/go-hedgehog/tree.go:163.2,163.37 1 1
github.com/rjs/go-hedgehog/tree.go:163.37,164.58 1 1
github.com/rjs/go-hedgehog/tree.go:164.58,166.4 1 1
github.com/rjs/go-hedgehog/tree.go:170.2,170.22 1 1
